// Jest Snapshot v1, https://goo.gl/fbAQLP

exports[`Wallet renders component successfully 1`] = `
ShallowWrapper {
  Symbol(enzyme.__root__): [Circular],
  Symbol(enzyme.__unrendered__): <Wallet
    balance={0}
    deposit={[MockFunction]}
    withdraw={[MockFunction]}
  />,
  Symbol(enzyme.__renderer__): Object {
    "batchedUpdates": [Function],
    "getNode": [Function],
    "render": [Function],
    "simulateError": [Function],
    "simulateEvent": [Function],
    "unmount": [Function],
  },
  Symbol(enzyme.__node__): Object {
    "instance": null,
    "key": undefined,
    "nodeType": "host",
    "props": Object {
      "children": Array [
        <h3
          className="balance"
        >
          Wallet Balance: 
          0
        </h3>,
        <input
          className="input-wallet"
          onChange={[Function]}
        />,
        <button
          className="btn-deposit"
          onClick={[Function]}
        >
          Deposit
        </button>,
        <button
          className="btn-withdraw"
          onClick={[Function]}
        >
          Withdrawl
        </button>,
      ],
    },
    "ref": null,
    "rendered": Array [
      Object {
        "instance": null,
        "key": undefined,
        "nodeType": "host",
        "props": Object {
          "children": Array [
            "Wallet Balance: ",
            0,
          ],
          "className": "balance",
        },
        "ref": null,
        "rendered": Array [
          "Wallet Balance: ",
          0,
        ],
        "type": "h3",
      },
      Object {
        "instance": null,
        "key": undefined,
        "nodeType": "host",
        "props": Object {
          "className": "input-wallet",
          "onChange": [Function],
        },
        "ref": null,
        "rendered": null,
        "type": "input",
      },
      Object {
        "instance": null,
        "key": undefined,
        "nodeType": "host",
        "props": Object {
          "children": "Deposit",
          "className": "btn-deposit",
          "onClick": [Function],
        },
        "ref": null,
        "rendered": "Deposit",
        "type": "button",
      },
      Object {
        "instance": null,
        "key": undefined,
        "nodeType": "host",
        "props": Object {
          "children": "Withdrawl",
          "className": "btn-withdraw",
          "onClick": [Function],
        },
        "ref": null,
        "rendered": "Withdrawl",
        "type": "button",
      },
    ],
    "type": "div",
  },
  Symbol(enzyme.__nodes__): Array [
    Object {
      "instance": null,
      "key": undefined,
      "nodeType": "host",
      "props": Object {
        "children": Array [
          <h3
            className="balance"
          >
            Wallet Balance: 
            0
          </h3>,
          <input
            className="input-wallet"
            onChange={[Function]}
          />,
          <button
            className="btn-deposit"
            onClick={[Function]}
          >
            Deposit
          </button>,
          <button
            className="btn-withdraw"
            onClick={[Function]}
          >
            Withdrawl
          </button>,
        ],
      },
      "ref": null,
      "rendered": Array [
        Object {
          "instance": null,
          "key": undefined,
          "nodeType": "host",
          "props": Object {
            "children": Array [
              "Wallet Balance: ",
              0,
            ],
            "className": "balance",
          },
          "ref": null,
          "rendered": Array [
            "Wallet Balance: ",
            0,
          ],
          "type": "h3",
        },
        Object {
          "instance": null,
          "key": undefined,
          "nodeType": "host",
          "props": Object {
            "className": "input-wallet",
            "onChange": [Function],
          },
          "ref": null,
          "rendered": null,
          "type": "input",
        },
        Object {
          "instance": null,
          "key": undefined,
          "nodeType": "host",
          "props": Object {
            "children": "Deposit",
            "className": "btn-deposit",
            "onClick": [Function],
          },
          "ref": null,
          "rendered": "Deposit",
          "type": "button",
        },
        Object {
          "instance": null,
          "key": undefined,
          "nodeType": "host",
          "props": Object {
            "children": "Withdrawl",
            "className": "btn-withdraw",
            "onClick": [Function],
          },
          "ref": null,
          "rendered": "Withdrawl",
          "type": "button",
        },
      ],
      "type": "div",
    },
  ],
  Symbol(enzyme.__options__): Object {
    "adapter": ReactSixteenAdapter {
      "options": Object {
        "enableComponentDidUpdateOnSetState": true,
        "lifecycles": Object {
          "componentDidUpdate": Object {
            "onSetState": true,
          },
          "getDerivedStateFromProps": true,
          "getSnapshotBeforeUpdate": true,
          "setState": Object {
            "skipsComponentDidUpdateOnNullish": true,
          },
        },
      },
    },
  },
}
`;
